Analyzing finance...                                            

  error - The method 'getAllGroups' isn't defined for the type 'HiveService' - lib\providers\finance_provider.dart:46:42 - undefined_method
  error - The method 'clearAll' isn't defined for the type 'HiveService' - lib\providers\finance_provider.dart:51:25 - undefined_method
  error - The method 'saveGroup' isn't defined for the type 'HiveService' - lib\providers\finance_provider.dart:52:50 - undefined_method
  error - The method 'savePerson' isn't defined for the type 'HiveService' - lib\providers\finance_provider.dart:53:50 - undefined_method
  error - The method 'getAllGroups' isn't defined for the type 'HiveService' - lib\providers\finance_provider.dart:58:29 - undefined_method
  error - The method 'getAllPeople' isn't defined for the type 'HiveService' - lib\providers\finance_provider.dart:59:29 - undefined_method
  error - The method 'getAllGroups' isn't defined for the type 'HiveService' - lib\providers\finance_provider.dart:68:37 - undefined_method
  error - The method 'getAllPeople' isn't defined for the type 'HiveService' - lib\providers\finance_provider.dart:69:37 - undefined_method
  error - The method 'saveGroup' isn't defined for the type 'HiveService' - lib\providers\finance_provider.dart:91:25 - undefined_method
  error - The method 'saveGroup' isn't defined for the type 'HiveService' - lib\providers\finance_provider.dart:106:27 - undefined_method
  error - The method 'deleteGroup' isn't defined for the type 'HiveService' - lib\providers\finance_provider.dart:119:25 - undefined_method
  error - The method 'savePerson' isn't defined for the type 'HiveService' - lib\providers\finance_provider.dart:156:25 - undefined_method
  error - The method 'savePerson' isn't defined for the type 'HiveService' - lib\providers\finance_provider.dart:169:27 - undefined_method
  error - The method 'deletePerson' isn't defined for the type 'HiveService' - lib\providers\finance_provider.dart:181:25 - undefined_method
  error - The method 'savePerson' isn't defined for the type 'HiveService' - lib\providers\finance_provider.dart:201:27 - undefined_method
  error - The method 'savePerson' isn't defined for the type 'HiveService' - lib\providers\finance_provider.dart:217:27 - undefined_method
  error - The method 'clearAll' isn't defined for the type 'HiveService' - lib\providers\finance_provider.dart:227:23 - undefined_method
  error - Target of URI doesn't exist: '../../main_navigation_screen.dart' - lib\screens\auth\login_screen.dart:3:8 - uri_does_not_exist
  error - The name 'MainNavigationScreen' isn't a class - lib\screens\auth\login_screen.dart:27:57 - creation_with_non_type
   info - 'withOpacity' is deprecated and shouldn't be used. Use .withValues() to avoid precision loss - lib\screens\auth\login_screen.dart:121:42 - deprecated_member_use
   info - 'withOpacity' is deprecated and shouldn't be used. Use .withValues() to avoid precision loss - lib\screens\auth\login_screen.dart:121:75 - deprecated_member_use
  error - Target of URI doesn't exist: '../../main_navigation_screen.dart' - lib\screens\auth\signup_screen.dart:3:8 - uri_does_not_exist
  error - The name 'MainNavigationScreen' isn't a class - lib\screens\auth\signup_screen.dart:34:57 - creation_with_non_type
   info - 'withOpacity' is deprecated and shouldn't be used. Use .withValues() to avoid precision loss - lib\screens\auth\signup_screen.dart:131:42 - deprecated_member_use
   info - 'withOpacity' is deprecated and shouldn't be used. Use .withValues() to avoid precision loss - lib\screens\auth\signup_screen.dart:131:75 - deprecated_member_use
  error - Target of URI doesn't exist: '../../main_navigation_screen.dart' - lib\screens\auth\splash_screen.dart:3:8 - uri_does_not_exist
  error - The name 'MainNavigationScreen' isn't a class - lib\screens\auth\splash_screen.dart:40:55 - creation_with_non_type
   info - 'withOpacity' is deprecated and shouldn't be used. Use .withValues() to avoid precision loss - lib\screens\auth\splash_screen.dart:75:56 - deprecated_member_use
   info - 'withOpacity' is deprecated and shouldn't be used. Use .withValues() to avoid precision loss - lib\screens\day_detail_screen.dart:78:94 - deprecated_member_use
   info - 'withOpacity' is deprecated and shouldn't be used. Use .withValues() to avoid precision loss - lib\screens\day_detail_screen.dart:122:48 - deprecated_member_use
   info - 'withOpacity' is deprecated and shouldn't be used. Use .withValues() to avoid precision loss - lib\screens\day_detail_screen.dart:124:50 - deprecated_member_use
   info - 'withOpacity' is deprecated and shouldn't be used. Use .withValues() to avoid precision loss - lib\screens\day_detail_screen.dart:124:83 - deprecated_member_use
   info - 'withOpacity' is deprecated and shouldn't be used. Use .withValues() to avoid precision loss - lib\screens\day_detail_screen.dart:154:48 - deprecated_member_use
   info - 'withOpacity' is deprecated and shouldn't be used. Use .withValues() to avoid precision loss - lib\screens\day_detail_screen.dart:163:50 - deprecated_member_use
   info - 'withOpacity' is deprecated and shouldn't be used. Use .withValues() to avoid precision loss - lib\screens\day_detail_screen.dart:163:94 - deprecated_member_use
   info - 'withOpacity' is deprecated and shouldn't be used. Use .withValues() to avoid precision loss - lib\screens\main_navigation_screen.dart:75:43 - deprecated_member_use
   info - 'withOpacity' is deprecated and shouldn't be used. Use .withValues() to avoid precision loss - lib\screens\main_navigation_screen.dart:120:35 - deprecated_member_use
   info - 'withOpacity' is deprecated and shouldn't be used. Use .withValues() to avoid precision loss - lib\screens\person_detail_screen.dart:78:84 - deprecated_member_use
   info - 'withOpacity' is deprecated and shouldn't be used. Use .withValues() to avoid precision loss - lib\screens\person_detail_screen.dart:78:118 - deprecated_member_use
   info - 'withOpacity' is deprecated and shouldn't be used. Use .withValues() to avoid precision loss - lib\screens\person_detail_screen.dart:102:74 - deprecated_member_use
   info - 'withOpacity' is deprecated and shouldn't be used. Use .withValues() to avoid precision loss - lib\screens\person_detail_screen.dart:106:98 - deprecated_member_use
   info - 'withOpacity' is deprecated and shouldn't be used. Use .withValues() to avoid precision loss - lib\screens\person_detail_screen.dart:144:48 - deprecated_member_use
   info - 'withOpacity' is deprecated and shouldn't be used. Use .withValues() to avoid precision loss - lib\screens\person_detail_screen.dart:146:50 - deprecated_member_use
   info - 'withOpacity' is deprecated and shouldn't be used. Use .withValues() to avoid precision loss - lib\screens\person_detail_screen.dart:146:83 - deprecated_member_use
   info - 'withOpacity' is deprecated and shouldn't be used. Use .withValues() to avoid precision loss - lib\screens\person_detail_screen.dart:183:35 - deprecated_member_use
   info - 'withOpacity' is deprecated and shouldn't be used. Use .withValues() to avoid precision loss - lib\screens\person_detail_screen.dart:185:54 - deprecated_member_use
   info - 'withOpacity' is deprecated and shouldn't be used. Use .withValues() to avoid precision loss - lib\screens\person_detail_screen.dart:243:65 - deprecated_member_use
   info - 'withOpacity' is deprecated and shouldn't be used. Use .withValues() to avoid precision loss - lib\screens\person_detail_screen.dart:243:164 - deprecated_member_use
   info - 'withOpacity' is deprecated and shouldn't be used. Use .withValues() to avoid precision loss - lib\screens\person_form_screen.dart:91:62 - deprecated_member_use
   info - 'withOpacity' is deprecated and shouldn't be used. Use .withValues() to avoid precision loss - lib\screens\person_form_screen.dart:120:62 - deprecated_member_use
   info - 'withOpacity' is deprecated and shouldn't be used. Use .withValues() to avoid precision loss - lib\screens\person_form_screen.dart:138:66 - deprecated_member_use
   info - 'withOpacity' is deprecated and shouldn't be used. Use .withValues() to avoid precision loss - lib\screens\person_form_screen.dart:138:110 - deprecated_member_use
   info - 'withOpacity' is deprecated and shouldn't be used. Use .withValues() to avoid precision loss - lib\screens\person_form_screen.dart:143:81 - deprecated_member_use
   info - 'withOpacity' is deprecated and shouldn't be used. Use .withValues() to avoid precision loss - lib\screens\person_form_screen.dart:203:92 - deprecated_member_use
   info - Don't invoke 'print' in production code - lib\services\export_service.dart:20:7 - avoid_print
   info - Don't invoke 'print' in production code - lib\services\export_service.dart:39:7 - avoid_print
   info - 'withOpacity' is deprecated and shouldn't be used. Use .withValues() to avoid precision loss - lib\utils\app_theme.dart:41:42 - deprecated_member_use
   info - 'withOpacity' is deprecated and shouldn't be used. Use .withValues() to avoid precision loss - lib\utils\app_theme.dart:50:53 - deprecated_member_use
   info - 'withOpacity' is deprecated and shouldn't be used. Use .withValues() to avoid precision loss - lib\utils\app_theme.dart:56:54 - deprecated_member_use
   info - 'withOpacity' is deprecated and shouldn't be used. Use .withValues() to avoid precision loss - lib\utils\app_theme.dart:84:31 - deprecated_member_use
   info - 'withOpacity' is deprecated and shouldn't be used. Use .withValues() to avoid precision loss - lib\utils\app_theme.dart:93:48 - deprecated_member_use
   info - 'withOpacity' is deprecated and shouldn't be used. Use .withValues() to avoid precision loss - lib\utils\app_theme.dart:111:33 - deprecated_member_use
   info - 'withOpacity' is deprecated and shouldn't be used. Use .withValues() to avoid precision loss - lib\utils\app_theme.dart:114:54 - deprecated_member_use
   info - 'withOpacity' is deprecated and shouldn't be used. Use .withValues() to avoid precision loss - lib\utils\app_theme.dart:118:54 - deprecated_member_use
   info - 'withOpacity' is deprecated and shouldn't be used. Use .withValues() to avoid precision loss - lib\widgets\dashboard_tab.dart:86:54 - deprecated_member_use
   info - 'withOpacity' is deprecated and shouldn't be used. Use .withValues() to avoid precision loss - lib\widgets\dashboard_tab.dart:88:41 - deprecated_member_use
   info - 'withOpacity' is deprecated and shouldn't be used. Use .withValues() to avoid precision loss - lib\widgets\dashboard_tab.dart:97:142 - deprecated_member_use
   info - 'withOpacity' is deprecated and shouldn't be used. Use .withValues() to avoid precision loss - lib\widgets\dashboard_tab.dart:132:94 - deprecated_member_use
   info - 'withOpacity' is deprecated and shouldn't be used. Use .withValues() to avoid precision loss - lib\widgets\dashboard_tab.dart:180:59 - deprecated_member_use
   info - 'withOpacity' is deprecated and shouldn't be used. Use .withValues() to avoid precision loss - lib\widgets\dashboard_tab.dart:180:106 - deprecated_member_use
   info - 'withOpacity' is deprecated and shouldn't be used. Use .withValues() to avoid precision loss - lib\widgets\dashboard_tab.dart:183:44 - deprecated_member_use
   info - 'withOpacity' is deprecated and shouldn't be used. Use .withValues() to avoid precision loss - lib\widgets\dashboard_tab.dart:183:77 - deprecated_member_use
   info - 'withOpacity' is deprecated and shouldn't be used. Use .withValues() to avoid precision loss - lib\widgets\dashboard_tab.dart:216:52 - deprecated_member_use
   info - 'withOpacity' is deprecated and shouldn't be used. Use .withValues() to avoid precision loss - lib\widgets\payments_tab.dart:22:71 - deprecated_member_use
   info - 'withOpacity' is deprecated and shouldn't be used. Use .withValues() to avoid precision loss - lib\widgets\payments_tab.dart:58:60 - deprecated_member_use
   info - 'withOpacity' is deprecated and shouldn't be used. Use .withValues() to avoid precision loss - lib\widgets\payments_tab.dart:60:53 - deprecated_member_use
   info - 'withOpacity' is deprecated and shouldn't be used. Use .withValues() to avoid precision loss - lib\widgets\payments_tab.dart:68:80 - deprecated_member_use
   info - Unnecessary use of 'toList' in a spread - lib\widgets\payments_tab.dart:77:20 - unnecessary_to_list_in_spreads
   info - 'withOpacity' is deprecated and shouldn't be used. Use .withValues() to avoid precision loss - lib\widgets\settings_tab.dart:35:56 - deprecated_member_use
   info - 'withOpacity' is deprecated and shouldn't be used. Use .withValues() to avoid precision loss - lib\widgets\settings_tab.dart:37:49 - deprecated_member_use
   info - 'withOpacity' is deprecated and shouldn't be used. Use .withValues() to avoid precision loss - lib\widgets\settings_tab.dart:57:62 - deprecated_member_use
   info - 'withOpacity' is deprecated and shouldn't be used. Use .withValues() to avoid precision loss - lib\widgets\settings_tab.dart:57:95 - deprecated_member_use
   info - 'withOpacity' is deprecated and shouldn't be used. Use .withValues() to avoid precision loss - lib\widgets\settings_tab.dart:75:56 - deprecated_member_use
   info - 'withOpacity' is deprecated and shouldn't be used. Use .withValues() to avoid precision loss - lib\widgets\settings_tab.dart:77:49 - deprecated_member_use
  error - The method 'importData' isn't defined for the type 'FinanceProvider' - lib\widgets\settings_tab.dart:100:41 - undefined_method
   info - 'withOpacity' is deprecated and shouldn't be used. Use .withValues() to avoid precision loss - lib\widgets\settings_tab.dart:118:35 - deprecated_member_use
   info - 'withOpacity' is deprecated and shouldn't be used. Use .withValues() to avoid precision loss - lib\widgets\settings_tab.dart:120:60 - deprecated_member_use
   info - 'withOpacity' is deprecated and shouldn't be used. Use .withValues() to avoid precision loss - lib\widgets\settings_tab.dart:150:52 - deprecated_member_use
   info - 'withOpacity' is deprecated and shouldn't be used. Use .withValues() to avoid precision loss - lib\widgets\settings_tab.dart:160:78 - deprecated_member_use
  error - The name 'MyApp' isn't a class - test\widget_test.dart:16:35 - creation_with_non_type

flutter : 90 issues 
found. (ran in 8.7s)
At line:1 char:1
+ flutter analyze > 
errors.txt 2>&1
+ ~~~~~~~~~~~~~~~~~~~~~~~~
~~~~~~~~~
    + CategoryInfo        
      : NotSpecified: (9  
  0 issues found. (ran    
 in 8.7s):String) [],     
RemoteException
    + FullyQualifiedError 
   Id : NativeCommandErr  
  or
 
